// Jest Snapshot v1, https://goo.gl/fbAQLP

exports[`renders AddExpensePage component 1`] = `
<div>
  <h1>
    Add Expense Component
  </h1>
  <ExpenseForm
    onSubmit={[Function]}
  />
</div>
`;
