// Jest Snapshot v1, https://goo.gl/fbAQLP

exports[`renders ExpenseDashboardPage component 1`] = `
<div>
  <h1>
    Expense Dashboard Component
  </h1>
  <Connect(ExpensesSummary) />
  <Connect(ExpenseListFilters) />
  <Connect(ExpenseList) />
</div>
`;
