// Jest Snapshot v1, https://goo.gl/fbAQLP

exports[`renders ExpenseListItem component 1`] = `
<div>
  <Link
    replace={false}
    to="/edit2"
  >
    <h3>
      test description 2
    </h3>
  </Link>
  <p>
    $200.00
    -
    Jan 7th, 1970
  </p>
</div>
`;
