// Jest Snapshot v1, https://goo.gl/fbAQLP

exports[`renders NotFoundPage component 1`] = `
<h1>
  404!
</h1>
`;
